// Jest Snapshot v1, https://goo.gl/fbAQLP

exports[`Loading tests should match UI defs 1`] = `
ShallowWrapper {
  "length": 1,
  Symbol(enzyme.__root__): [Circular],
  Symbol(enzyme.__unrendered__): <Loading />,
  Symbol(enzyme.__renderer__): Object {
    "batchedUpdates": [Function],
    "getNode": [Function],
    "render": [Function],
    "simulateEvent": [Function],
    "unmount": [Function],
  },
  Symbol(enzyme.__node__): Object {
    "instance": null,
    "key": null,
    "nodeType": "class",
    "props": Object {
      "children": <Loading
        color="#303c76"
        delay={1000}
        height={50}
        styles={
                Object {
                        "margin": "0 auto",
                      }
        }
        type="bubbles"
        width={200}
/>,
    },
    "ref": null,
    "rendered": Object {
      "instance": null,
      "key": null,
      "nodeType": "class",
      "props": Object {
        "color": "#303c76",
        "delay": 1000,
        "height": 50,
        "styles": Object {
          "margin": "0 auto",
        },
        "type": "bubbles",
        "width": 200,
      },
      "ref": null,
      "rendered": null,
      "type": [Function],
    },
    "type": [Function],
  },
  Symbol(enzyme.__nodes__): Array [
    Object {
      "instance": null,
      "key": null,
      "nodeType": "class",
      "props": Object {
        "children": <Loading
          color="#303c76"
          delay={1000}
          height={50}
          styles={
                    Object {
                              "margin": "0 auto",
                            }
          }
          type="bubbles"
          width={200}
/>,
      },
      "ref": null,
      "rendered": Object {
        "instance": null,
        "key": null,
        "nodeType": "class",
        "props": Object {
          "color": "#303c76",
          "delay": 1000,
          "height": 50,
          "styles": Object {
            "margin": "0 auto",
          },
          "type": "bubbles",
          "width": 200,
        },
        "ref": null,
        "rendered": null,
        "type": [Function],
      },
      "type": [Function],
    },
  ],
  Symbol(enzyme.__options__): Object {
    "adapter": ReactSixteenAdapter {
      "options": Object {
        "enableComponentDidUpdateOnSetState": true,
      },
    },
  },
}
`;
