// Jest Snapshot v1, https://goo.gl/fbAQLP

exports[`homeReducer tests should load initial state 1`] = `
Immutable.Map {
  loading: false,
  error: false,
  data: Immutable.Map {
    todos: false,
  },
}
`;
